{"event": "C1_CANDIDATE_TERMINAL", "task": "c1_mother_00_plus", "candidate": "C00", "source": "initial", "status": "PREDICTION_ADMISSIBLE", "slots": 1, "I_support": 0.09743410513673958, "d_support": 0.025935341765663728}
{"event": "C1_CANDIDATE_TERMINAL", "task": "c1_mother_00_plus", "candidate": "C01", "source": "initial", "status": "PREDICTION_ADMISSIBLE", "slots": 2, "I_support": 0.10080399640651752, "d_support": 0.026431152474013286}
{"event": "C1_CANDIDATE_TERMINAL", "task": "c1_mother_00_plus", "candidate": "C02", "source": "retrieval", "status": "PREDICTION_ADMISSIBLE", "slots": 3, "I_support": 0.10052657855885931, "d_support": 0.03346263570324469}
{"event": "C1_CANDIDATE_TERMINAL", "task": "c1_mother_00_plus", "candidate": "C03", "source": "adaptive_poll", "status": "PREDICTION_ADMISSIBLE", "slots": 4, "I_support": 0.09745036402816155, "d_support": 0.02593542527638426}
{"event": "C1_CANDIDATE_TERMINAL", "task": "c1_mother_00_plus", "candidate": "C04", "source": "adaptive_poll", "status": "PREDICTION_ADMISSIBLE", "slots": 5, "I_support": 0.10103894231052413, "d_support": 0.03346263442439897}
{"event": "C1_CANDIDATE_TERMINAL", "task": "c1_mother_00_plus", "candidate": "C05", "source": "adaptive_poll", "status": "PREDICTION_ADMISSIBLE", "slots": 6, "I_support": 0.09739026205145301, "d_support": 0.02593562441097263}
{"event": "C1_CANDIDATE_TERMINAL", "task": "c1_mother_00_plus", "candidate": "C06", "source": "adaptive_poll", "status": "PREDICTION_ADMISSIBLE", "slots": 7, "I_support": 0.10086119521431831, "d_support": 0.03346222417796228}
{"event": "C1_CANDIDATE_TERMINAL", "task": "c1_mother_00_plus", "candidate": "C07", "source": "adaptive_poll", "status": "PREDICTION_ADMISSIBLE", "slots": 8, "I_support": 0.09745899961531033, "d_support": 0.025921086156389536}
{"event": "C1_CANDIDATE_TERMINAL", "task": "c1_mother_00_plus", "candidate": "C00", "source": "initial", "status": "PREDICTION_ADMISSIBLE", "slots": 1, "I_support": 0.09743410513673958, "d_support": 0.025935341765663728}
{"event": "C1_CANDIDATE_TERMINAL", "task": "c1_mother_00_plus", "candidate": "C01", "source": "retrieval", "status": "PREDICTION_ADMISSIBLE", "slots": 2, "I_support": 0.10246527729325243, "d_support": 0.02638983385928611}
{"event": "C1_CANDIDATE_TERMINAL", "task": "c1_mother_00_plus", "candidate": "C02", "source": "initial", "status": "PREDICTION_ADMISSIBLE", "slots": 3, "I_support": 0.10080399640651752, "d_support": 0.026431152474013286}
{"event": "C1_CANDIDATE_TERMINAL", "task": "c1_mother_00_plus", "candidate": "C03", "source": "retrieval", "status": "PREDICTION_ADMISSIBLE", "slots": 4, "I_support": 0.10080399640643141, "d_support": 0.026431152474013675}
{"event": "C1_CANDIDATE_TERMINAL", "task": "c1_mother_00_plus", "candidate": "C04", "source": "adaptive_poll", "status": "PREDICTION_ADMISSIBLE", "slots": 5, "I_support": 0.09745036402816155, "d_support": 0.02593542527638426}
{"event": "C1_CANDIDATE_TERMINAL", "task": "c1_mother_00_plus", "candidate": "C05", "source": "adaptive_poll", "status": "PREDICTION_ADMISSIBLE", "slots": 6, "I_support": 0.1013156326174367, "d_support": 0.026430730106185588}
{"event": "C1_CANDIDATE_TERMINAL", "task": "c1_mother_00_plus", "candidate": "C06", "source": "adaptive_poll", "status": "PREDICTION_ADMISSIBLE", "slots": 7, "I_support": 0.09739026205145301, "d_support": 0.02593562441097263}
{"event": "C1_CANDIDATE_TERMINAL", "task": "c1_mother_00_plus", "candidate": "C07", "source": "adaptive_poll", "status": "PREDICTION_ADMISSIBLE", "slots": 8, "I_support": 0.101006156857863, "d_support": 0.02643087047384802}
{"event": "C1_CANDIDATE_TERMINAL", "task": "c1_mother_00_minus", "candidate": "C00", "source": "initial", "status": "PREDICTION_ADMISSIBLE", "slots": 1, "I_support": 0.10007743357794484, "d_support": 0.025970943191269844}
{"event": "C1_CANDIDATE_TERMINAL", "task": "c1_mother_00_minus", "candidate": "C01", "source": "retrieval", "status": "PREDICTION_ADMISSIBLE", "slots": 2, "I_support": 0.09908954189287136, "d_support": 0.0264192018481769}
{"event": "C1_CANDIDATE_TERMINAL", "task": "c1_mother_00_minus", "candidate": "C02", "source": "initial", "status": "PREDICTION_ADMISSIBLE", "slots": 3, "I_support": 0.0986426297182408, "d_support": 0.02647234044849049}
{"event": "C1_CANDIDATE_TERMINAL", "task": "c1_mother_00_minus", "candidate": "C03", "source": "retrieval", "status": "PREDICTION_ADMISSIBLE", "slots": 4, "I_support": 0.09822326279014551, "d_support": 0.03121819500531979}
{"event": "C1_CANDIDATE_TERMINAL", "task": "c1_mother_00_minus", "candidate": "C04", "source": "adaptive_poll", "status": "PREDICTION_ADMISSIBLE", "slots": 5, "I_support": 0.09895571090557467, "d_support": 0.026419745681836963}
{"event": "C1_CANDIDATE_TERMINAL", "task": "c1_mother_00_minus", "candidate": "C05", "source": "adaptive_poll", "status": "PREDICTION_ADMISSIBLE", "slots": 6, "I_support": 0.09868217023100977, "d_support": 0.03121743180055256}
{"event": "C1_CANDIDATE_TERMINAL", "task": "c1_mother_00_minus", "candidate": "C06", "source": "adaptive_poll", "status": "PREDICTION_ADMISSIBLE", "slots": 7, "I_support": 0.09882464044348663, "d_support": 0.026419240386746472}
{"event": "C1_CANDIDATE_TERMINAL", "task": "c1_mother_00_minus", "candidate": "C07", "source": "adaptive_poll", "status": "PREDICTION_ADMISSIBLE", "slots": 8, "I_support": 0.09885580461169917, "d_support": 0.031218456554406818}
{"event": "C1_CANDIDATE_TERMINAL", "task": "c1_mother_00_minus", "candidate": "C00", "source": "initial", "status": "PREDICTION_ADMISSIBLE", "slots": 1, "I_support": 0.10007743357794484, "d_support": 0.025970943191269844}
{"event": "C1_CANDIDATE_TERMINAL", "task": "c1_mother_00_minus", "candidate": "C01", "source": "retrieval", "status": "PREDICTION_ADMISSIBLE", "slots": 2, "I_support": 0.10660461662636506, "d_support": 0.02597147799570109}
{"event": "C1_CANDIDATE_TERMINAL", "task": "c1_mother_00_minus", "candidate": "C02", "source": "initial", "status": "PREDICTION_ADMISSIBLE", "slots": 3, "I_support": 0.0986426297182408, "d_support": 0.02647234044849049}
{"event": "C1_CANDIDATE_TERMINAL", "task": "c1_mother_00_minus", "candidate": "C03", "source": "retrieval", "status": "PREDICTION_ADMISSIBLE", "slots": 4, "I_support": 0.1041249529237897, "d_support": 0.025946923361788415}
{"event": "C1_CANDIDATE_TERMINAL", "task": "c1_mother_00_minus", "candidate": "C04", "source": "adaptive_poll", "status": "PREDICTION_ADMISSIBLE", "slots": 5, "I_support": 0.09790434187809521, "d_support": 0.02647080489591836}
{"event": "C1_CANDIDATE_TERMINAL", "task": "c1_mother_00_minus", "candidate": "C05", "source": "adaptive_poll", "status": "PREDICTION_ADMISSIBLE", "slots": 6, "I_support": 0.09907862299403584, "d_support": 0.02647070724985108}
{"event": "C1_CANDIDATE_TERMINAL", "task": "c1_mother_00_minus", "candidate": "C06", "source": "adaptive_poll", "status": "PREDICTION_ADMISSIBLE", "slots": 7, "I_support": 0.09854704084606734, "d_support": 0.026472817768973693}
{"event": "C1_CANDIDATE_TERMINAL", "task": "c1_mother_00_minus", "candidate": "C07", "source": "adaptive_poll", "status": "PREDICTION_ADMISSIBLE", "slots": 8, "I_support": 0.09792425093079413, "d_support": 0.031218055750330237}
{"event": "C1_CANDIDATE_TERMINAL", "task": "c1_mother_01_plus", "candidate": "C00", "source": "initial", "status": "PREDICTION_ADMISSIBLE", "slots": 1, "I_support": 0.09979079870141531, "d_support": 0.0297186364151861}
{"event": "C1_CANDIDATE_TERMINAL", "task": "c1_mother_01_plus", "candidate": "C01", "source": "initial", "status": "PREDICTION_ADMISSIBLE", "slots": 2, "I_support": 0.10211947482900591, "d_support": 0.04171919024106518}
{"event": "C1_CANDIDATE_TERMINAL", "task": "c1_mother_01_plus", "candidate": "C02", "source": "adaptive_poll", "status": "PREDICTION_ADMISSIBLE", "slots": 3, "I_support": 0.10040473675518882, "d_support": 0.02971932643069157}
{"event": "C1_CANDIDATE_TERMINAL", "task": "c1_mother_01_plus", "candidate": "C03", "source": "adaptive_poll", "status": "PREDICTION_ADMISSIBLE", "slots": 4, "I_support": 0.10271680207736396, "d_support": 0.04171859692022304}
{"event": "C1_CANDIDATE_TERMINAL", "task": "c1_mother_01_plus", "candidate": "C04", "source": "adaptive_poll", "status": "PREDICTION_ADMISSIBLE", "slots": 5, "I_support": 0.10031534493261023, "d_support": 0.029718740847302166}
{"event": "C1_CANDIDATE_TERMINAL", "task": "c1_mother_01_plus", "candidate": "C05", "source": "adaptive_poll", "status": "PREDICTION_ADMISSIBLE", "slots": 6, "I_support": 0.10208743353556543, "d_support": 0.04171884167162084}
{"event": "C1_CANDIDATE_TERMINAL", "task": "c1_mother_01_plus", "candidate": "C06", "source": "adaptive_poll", "status": "PREDICTION_ADMISSIBLE", "slots": 7, "I_support": 0.09947829430461953, "d_support": 0.02591408465398435}
{"event": "C1_CANDIDATE_TERMINAL", "task": "c1_mother_01_plus", "candidate": "C07", "source": "adaptive_poll", "status": "PREDICTION_ADMISSIBLE", "slots": 8, "I_support": 0.10291389157000427, "d_support": 0.04671898630245765}
{"event": "C1_CANDIDATE_TERMINAL", "task": "c1_mother_01_plus", "candidate": "C00", "source": "initial", "status": "PREDICTION_ADMISSIBLE", "slots": 1, "I_support": 0.09979079870141531, "d_support": 0.0297186364151861}
{"event": "C1_CANDIDATE_TERMINAL", "task": "c1_mother_01_plus", "candidate": "C01", "source": "initial", "status": "PREDICTION_ADMISSIBLE", "slots": 2, "I_support": 0.10211947482900591, "d_support": 0.04171919024106518}
{"event": "C1_CANDIDATE_TERMINAL", "task": "c1_mother_01_plus", "candidate": "C02", "source": "retrieval", "status": "PREDICTION_ADMISSIBLE", "slots": 3, "I_support": 0.1021194748290848, "d_support": 0.041719190241065636}
{"event": "C1_CANDIDATE_TERMINAL", "task": "c1_mother_01_plus", "candidate": "C03", "source": "adaptive_poll", "status": "PREDICTION_ADMISSIBLE", "slots": 4, "I_support": 0.10040473675518882, "d_support": 0.02971932643069157}
{"event": "C1_CANDIDATE_TERMINAL", "task": "c1_mother_01_plus", "candidate": "C04", "source": "adaptive_poll", "status": "PREDICTION_ADMISSIBLE", "slots": 5, "I_support": 0.10271680207742444, "d_support": 0.04171859692022283}
{"event": "C1_CANDIDATE_TERMINAL", "task": "c1_mother_01_plus", "candidate": "C05", "source": "adaptive_poll", "status": "PREDICTION_ADMISSIBLE", "slots": 6, "I_support": 0.10031534493261023, "d_support": 0.029718740847302166}
{"event": "C1_CANDIDATE_TERMINAL", "task": "c1_mother_01_plus", "candidate": "C06", "source": "adaptive_poll", "status": "PREDICTION_ADMISSIBLE", "slots": 7, "I_support": 0.10208743353553565, "d_support": 0.04171884167162173}
{"event": "C1_CANDIDATE_TERMINAL", "task": "c1_mother_01_plus", "candidate": "C07", "source": "adaptive_poll", "status": "PREDICTION_ADMISSIBLE", "slots": 8, "I_support": 0.09947829430461953, "d_support": 0.02591408465398435}
{"event": "C1_CANDIDATE_TERMINAL", "task": "c1_mother_01_minus", "candidate": "C00", "source": "initial", "status": "EXECUTION_REFUSED", "slots": 1, "I_support": 0.10909539306903744, "d_support": 0.02550594576092014}
{"event": "C1_CANDIDATE_TERMINAL", "task": "c1_mother_01_minus", "candidate": "C01", "source": "retrieval", "status": "PREDICTION_ADMISSIBLE", "slots": 2, "I_support": 0.11363408960929994, "d_support": 0.02561085747099673}
{"event": "C1_CANDIDATE_TERMINAL", "task": "c1_mother_01_minus", "candidate": "C02", "source": "initial", "status": "EXECUTION_REFUSED", "slots": 3, "I_support": 0.10782079723923763, "d_support": 0.025429329890085388}
{"event": "C1_CANDIDATE_TERMINAL", "task": "c1_mother_01_minus", "candidate": "C03", "source": "retrieval", "status": "EXECUTION_REFUSED", "slots": 4, "I_support": 0.10858877461538852, "d_support": 0.02541287935388182}
{"event": "C1_CANDIDATE_TERMINAL", "task": "c1_mother_01_minus", "candidate": "C04", "source": "adaptive_poll", "status": "PREDICTION_ADMISSIBLE", "slots": 5, "I_support": 0.11395733088867255, "d_support": 0.025610878882683215}
{"event": "C1_CANDIDATE_TERMINAL", "task": "c1_mother_01_minus", "candidate": "C05", "source": "adaptive_poll", "status": "PREDICTION_ADMISSIBLE", "slots": 6, "I_support": 0.11312870945668643, "d_support": 0.025610285738547477}
{"event": "C1_CANDIDATE_TERMINAL", "task": "c1_mother_01_minus", "candidate": "C06", "source": "adaptive_poll", "status": "PREDICTION_ADMISSIBLE", "slots": 7, "I_support": 0.11473325169214148, "d_support": 0.02561898490330502}
{"event": "C1_CANDIDATE_TERMINAL", "task": "c1_mother_01_minus", "candidate": "C07", "source": "adaptive_poll", "status": "EXECUTION_REFUSED", "slots": 8, "I_support": 0.10998139470182608, "d_support": 0.025477416805474627}
{"event": "C1_CANDIDATE_TERMINAL", "task": "c1_mother_01_minus", "candidate": "C00", "source": "initial", "status": "EXECUTION_REFUSED", "slots": 1, "I_support": 0.10909539306903744, "d_support": 0.02550594576092014}
{"event": "C1_CANDIDATE_TERMINAL", "task": "c1_mother_01_minus", "candidate": "C01", "source": "retrieval", "status": "PREDICTION_ADMISSIBLE", "slots": 2, "I_support": 0.11363408960929994, "d_support": 0.02561085747099673}
{"event": "C1_CANDIDATE_TERMINAL", "task": "c1_mother_01_minus", "candidate": "C02", "source": "initial", "status": "EXECUTION_REFUSED", "slots": 3, "I_support": 0.10782079723923763, "d_support": 0.025429329890085388}
{"event": "C1_CANDIDATE_TERMINAL", "task": "c1_mother_01_minus", "candidate": "C03", "source": "retrieval", "status": "PREDICTION_TASK_UNMET", "slots": 4, "I_support": 0.11260451854074288, "d_support": 0.025623776576390707}
{"event": "C1_CANDIDATE_TERMINAL", "task": "c1_mother_01_minus", "candidate": "C04", "source": "adaptive_poll", "status": "PREDICTION_ADMISSIBLE", "slots": 5, "I_support": 0.11395733088867255, "d_support": 0.025610878882683215}
{"event": "C1_CANDIDATE_TERMINAL", "task": "c1_mother_01_minus", "candidate": "C05", "source": "adaptive_poll", "status": "PREDICTION_ADMISSIBLE", "slots": 6, "I_support": 0.11312870945668643, "d_support": 0.025610285738547477}
{"event": "C1_CANDIDATE_TERMINAL", "task": "c1_mother_01_minus", "candidate": "C06", "source": "adaptive_poll", "status": "PREDICTION_ADMISSIBLE", "slots": 7, "I_support": 0.11473325169214148, "d_support": 0.02561898490330502}
{"event": "C1_CANDIDATE_TERMINAL", "task": "c1_mother_01_minus", "candidate": "C07", "source": "adaptive_poll", "status": "EXECUTION_REFUSED", "slots": 8, "I_support": 0.10998139470182608, "d_support": 0.025477416805474627}
{"event": "C1_CANDIDATE_TERMINAL", "task": "c2_new_train_plus", "candidate": "C00", "source": "initial", "status": "PREDICTION_ADMISSIBLE", "slots": 1, "I_support": 0.09323468284842149, "d_support": 0.029849427618177174}
{"event": "C1_CANDIDATE_TERMINAL", "task": "c2_new_train_plus", "candidate": "C01", "source": "initial", "status": "PREDICTION_ADMISSIBLE", "slots": 2, "I_support": 0.09513530585446459, "d_support": 0.041856143837214664}
{"event": "C1_CANDIDATE_TERMINAL", "task": "c2_new_train_plus", "candidate": "C02", "source": "adaptive_poll", "status": "PREDICTION_ADMISSIBLE", "slots": 3, "I_support": 0.09289757525490515, "d_support": 0.029849429943162323}
{"event": "C1_CANDIDATE_TERMINAL", "task": "c2_new_train_plus", "candidate": "C03", "source": "adaptive_poll", "status": "PREDICTION_ADMISSIBLE", "slots": 4, "I_support": 0.09563518007916272, "d_support": 0.04185456692124793}
{"event": "C1_CANDIDATE_TERMINAL", "task": "c2_new_train_plus", "candidate": "C04", "source": "adaptive_poll", "status": "PREDICTION_ADMISSIBLE", "slots": 5, "I_support": 0.09307843190464506, "d_support": 0.029849359609114876}
{"event": "C1_CANDIDATE_TERMINAL", "task": "c2_new_train_plus", "candidate": "C05", "source": "adaptive_poll", "status": "PREDICTION_ADMISSIBLE", "slots": 6, "I_support": 0.09534807788645215, "d_support": 0.04185612148365494}
{"event": "C1_CANDIDATE_TERMINAL", "task": "c2_new_train_plus", "candidate": "C06", "source": "adaptive_poll", "status": "PREDICTION_ADMISSIBLE", "slots": 7, "I_support": 0.09301435721965545, "d_support": 0.025876428812413914}
{"event": "C1_CANDIDATE_TERMINAL", "task": "c2_new_train_plus", "candidate": "C07", "source": "adaptive_poll", "status": "PREDICTION_ADMISSIBLE", "slots": 8, "I_support": 0.09580388453613979, "d_support": 0.046859454109955755}
{"event": "C1_CANDIDATE_TERMINAL", "task": "c2_new_train_plus", "candidate": "C00", "source": "initial", "status": "PREDICTION_ADMISSIBLE", "slots": 1, "I_support": 0.09323468284842149, "d_support": 0.029849427618177174}
{"event": "C1_CANDIDATE_TERMINAL", "task": "c2_new_train_plus", "candidate": "C01", "source": "retrieval", "status": "PREDICTION_ADMISSIBLE", "slots": 2, "I_support": 0.09438080507662297, "d_support": 0.04164697065579257}
{"event": "C1_CANDIDATE_TERMINAL", "task": "c2_new_train_plus", "candidate": "C02", "source": "initial", "status": "PREDICTION_ADMISSIBLE", "slots": 3, "I_support": 0.09513530585446459, "d_support": 0.041856143837214664}
{"event": "C1_CANDIDATE_TERMINAL", "task": "c2_new_train_plus", "candidate": "C03", "source": "retrieval", "status": "PREDICTION_ADMISSIBLE", "slots": 4, "I_support": 0.09513530585441653, "d_support": 0.04185614383721444}
{"event": "C1_CANDIDATE_TERMINAL", "task": "c2_new_train_plus", "candidate": "C04", "source": "adaptive_poll", "status": "PREDICTION_ADMISSIBLE", "slots": 5, "I_support": 0.09289757525490515, "d_support": 0.029849429943162323}
{"event": "C1_CANDIDATE_TERMINAL", "task": "c2_new_train_plus", "candidate": "C05", "source": "adaptive_poll", "status": "PREDICTION_ADMISSIBLE", "slots": 6, "I_support": 0.0922655194021997, "d_support": 0.04164559842656509}
{"event": "C1_CANDIDATE_TERMINAL", "task": "c2_new_train_plus", "candidate": "C06", "source": "adaptive_poll", "status": "PREDICTION_ADMISSIBLE", "slots": 7, "I_support": 0.09307843190464506, "d_support": 0.029849359609114876}
{"event": "C1_CANDIDATE_TERMINAL", "task": "c2_new_train_plus", "candidate": "C07", "source": "adaptive_poll", "status": "PREDICTION_ADMISSIBLE", "slots": 8, "I_support": 0.09159821426309697, "d_support": 0.04164572449384816}
{"event": "C1_CANDIDATE_TERMINAL", "task": "c2_new_train_minus", "candidate": "C00", "source": "initial", "status": "EXECUTION_REFUSED", "slots": 1, "I_support": 0.10360859564760472, "d_support": 0.02549458471883946}
{"event": "C1_CANDIDATE_TERMINAL", "task": "c2_new_train_minus", "candidate": "C01", "source": "retrieval", "status": "PREDICTION_ADMISSIBLE", "slots": 2, "I_support": 0.11335476758286996, "d_support": 0.02555521323075602}
{"event": "C1_CANDIDATE_TERMINAL", "task": "c2_new_train_minus", "candidate": "C02", "source": "initial", "status": "EXECUTION_REFUSED", "slots": 3, "I_support": 0.1018389550324994, "d_support": 0.02540544269351109}
{"event": "C1_CANDIDATE_TERMINAL", "task": "c2_new_train_minus", "candidate": "C03", "source": "retrieval", "status": "EXECUTION_REFUSED", "slots": 4, "I_support": 0.10257969217793969, "d_support": 0.025384446198555614}
{"event": "C1_CANDIDATE_TERMINAL", "task": "c2_new_train_minus", "candidate": "C04", "source": "adaptive_poll", "status": "PREDICTION_ADMISSIBLE", "slots": 5, "I_support": 0.11314318209432385, "d_support": 0.02555496022421149}
{"event": "C1_CANDIDATE_TERMINAL", "task": "c2_new_train_minus", "candidate": "C05", "source": "adaptive_poll", "status": "PREDICTION_ADMISSIBLE", "slots": 6, "I_support": 0.11365638560468079, "d_support": 0.025555184607150595}
{"event": "C1_CANDIDATE_TERMINAL", "task": "c2_new_train_minus", "candidate": "C06", "source": "adaptive_poll", "status": "PREDICTION_ADMISSIBLE", "slots": 7, "I_support": 0.11325657272195572, "d_support": 0.02555505440934945}
{"event": "C1_CANDIDATE_TERMINAL", "task": "c2_new_train_minus", "candidate": "C07", "source": "adaptive_poll", "status": "PREDICTION_ADMISSIBLE", "slots": 8, "I_support": 0.11354079097704155, "d_support": 0.025555314129833778}
{"event": "C1_CANDIDATE_TERMINAL", "task": "c2_new_train_minus", "candidate": "C00", "source": "initial", "status": "EXECUTION_REFUSED", "slots": 1, "I_support": 0.10360859564760472, "d_support": 0.02549458471883946}
{"event": "C1_CANDIDATE_TERMINAL", "task": "c2_new_train_minus", "candidate": "C01", "source": "retrieval", "status": "PREDICTION_ADMISSIBLE", "slots": 2, "I_support": 0.11335476758286996, "d_support": 0.02555521323075602}
{"event": "C1_CANDIDATE_TERMINAL", "task": "c2_new_train_minus", "candidate": "C02", "source": "initial", "status": "EXECUTION_REFUSED", "slots": 3, "I_support": 0.1018389550324994, "d_support": 0.02540544269351109}
{"event": "C1_CANDIDATE_TERMINAL", "task": "c2_new_train_minus", "candidate": "C03", "source": "retrieval", "status": "PREDICTION_TASK_UNMET", "slots": 4, "I_support": 0.10909295415756376, "d_support": 0.025623305917536372}
{"event": "C1_CANDIDATE_TERMINAL", "task": "c2_new_train_minus", "candidate": "C04", "source": "adaptive_poll", "status": "PREDICTION_ADMISSIBLE", "slots": 5, "I_support": 0.11314318209432385, "d_support": 0.02555496022421149}
{"event": "C1_CANDIDATE_TERMINAL", "task": "c2_new_train_minus", "candidate": "C05", "source": "adaptive_poll", "status": "PREDICTION_ADMISSIBLE", "slots": 6, "I_support": 0.11365638560468079, "d_support": 0.025555184607150595}
{"event": "C1_CANDIDATE_TERMINAL", "task": "c2_new_train_minus", "candidate": "C06", "source": "adaptive_poll", "status": "PREDICTION_ADMISSIBLE", "slots": 7, "I_support": 0.11325657272195572, "d_support": 0.02555505440934945}
{"event": "C1_CANDIDATE_TERMINAL", "task": "c2_new_train_minus", "candidate": "C07", "source": "adaptive_poll", "status": "PREDICTION_ADMISSIBLE", "slots": 8, "I_support": 0.11354079097704155, "d_support": 0.025555314129833778}
{"event": "C3_STAGE_COMPLETED", "stage": "teacher-search", "run": "v6_4/output/search_aware_warmstart_20261008_01"}
